
> jsop-poc@0.1.0 build
> react-scripts build

Creating an optimized production build...
Compiled with warnings.

[eslint] 
src/pages/student/StudentDashboard.js
  Line 5:101:  'FaUser' is defined but never used  no-unused-vars

src/pages/student/StudentInternships.js
  Line 7:35:  'FaCalendarAlt' is defined but never used  no-unused-vars

Search for the keywords to learn more about each warning.
To ignore, add // eslint-disable-next-line to the line before.

File sizes after gzip:

  179.74 kB  build/static/js/main.3c81c0c8.js
  8.89 kB    build/static/css/main.bdbecdba.css
  1.77 kB    build/static/js/453.5f82066d.chunk.js

The project was built assuming it is hosted at /.
You can control this with the homepage field in your package.json.

The build folder is ready to be deployed.
You may serve it with a static server:

  npm install -g serve
  serve -s build

Find out more about deployment here:

  https://cra.link/deployment

